*************************** WALL-Listing ***********************
Created date: 04/28/2016 01:36:24 PM


Location    Object Code       Line   Source Statement
00          20 ff                1    load r0, 0xff
02          21 01                2    load r1, 0x01
04          F1 08                3    jmplt r1<r0,here
06          B0 0C                4    jmp done
                                 5   
08                               6    here:
08          2a 00                7        load ra,0x00
0A          C0 00                8        halt
                                 9   
0C                              10    done:
0C          2a ff               11        load ra,0xff
0E          C0 00               12        halt


***************** WALL Cross-Reference Listing *******************
Created date: 04/28/2016 01:36:24 PM


         Cross-Reference Listing Description
Labels: The label name that appears in the source program.
Mem_Loc: Memory location of a label in the memory. If the value
         starts with 'R', it represents a register.
Def_Line: Defined line number of a label in the source code.
Ref_line: Referenced line number(s) of a label in the source code.

++++++++++++++++++++++++++++++++++++++++++++++++++++++++++++++++++
Labels           Mem_Loc     Def_Line     Ref_line
