*************************** WALL-Listing ***********************
Created date: 04/24/2016 05:24:54 PM


Location    Object Code       Line   Source Statement
00          21 01                1    load R1,1
02          22 ff                2    load R2,0xff
04          5E E2                3    add rsp,rsp,r2
06          5E E2                4    add rsp,rsp,r2
08          5E E2                5    add rsp,rsp,r2
0A          5D D2                6    add rbp,rbp,r2
0C          5E E2                7    add rsp,rsp,r2
0E          5E E2                8    add rsp,rsp,r2
10          5D D2                9    add rbp,rbp,r2
12          5E E1               10    add rsp,rsp,r1
14          5E E1               11    add rsp,rsp,r1


***************** WALL Cross-Reference Listing *******************
Created date: 04/24/2016 05:24:54 PM


         Cross-Reference Listing Description
Labels: The label name that appears in the source program.
Mem_Loc: Memory location of a label in the memory. If the value
         starts with 'R', it represents a register.
Def_Line: Defined line number of a label in the source code.
Ref_line: Referenced line number(s) of a label in the source code.

++++++++++++++++++++++++++++++++++++++++++++++++++++++++++++++++++
Labels           Mem_Loc     Def_Line     Ref_line
